Aula de Técnicas de Programação

Profs: Guilherme e Fátima

CMD: C:\git-teste>git status
On branch master

No commits yet

Untracked files:
  (use "git add <file>..." to include in what will be committed)
        aula1.txt

nothing added to commit but untracked files present (use "git add" to track)

C:\git-teste>git add .

C:\git-teste>git status
On branch master

No commits yet

Changes to be committed:
  (use "git rm --cached <file>..." to unstage)
        new file:   aula1.txt


C:\git-teste>git commit -m "Primeiro arquivo criado"
[master (root-commit) 5c09ec8] Primeiro arquivo criado
 1 file changed, 1 insertion(+)
 create mode 100644 aula1.txt

C:\git-teste>git status
On branch master
nothing to commit, working tree clean

C:\git-teste>git add .

C:\git-teste>git status
On branch master
Changes to be committed:
  (use "git restore --staged <file>..." to unstage)
        modified:   aula1.txt


C:\git-teste>git commit -m "Inclusão dos professores"
[master 22685e5] Inclusão dos professores
 1 file changed, 2 insertions(+)

C:\git-teste>